node.exe : [1m[33m[baseline-browser-mapping] The data in this module is over 
two months old.  To ensure accurate Baseline data, please update: `npm i 
baseline-browser-mapping@latest -D`[39m[22m
At line:1 char:1
+ & "C:\Program Files\nodejs/node.exe" "C:\Program Files\nodejs/node_mo ...
+ ~~~~~~~~~~~~~~~~~~~~~~~~~~~~~~~~~~~~~~~~~~~~~~~~~~~~~~~~~~~~~~~~~~~~~
    + CategoryInfo          : NotSpecified: ([1m[33m[basel...t -D`[39m[22m: 
   String) [], RemoteException
    + FullyQualifiedErrorId : NativeCommandError
 
[33mÔØ»[39m Building...
[baseline-browser-mapping] The data in this module is over two months old.  To 
ensure accurate Baseline data, please update: `npm i 
baseline-browser-mapping@latest -D`
[baseline-browser-mapping] The data in this module is over two months old.  To 
ensure accurate Baseline data, please update: `npm i 
baseline-browser-mapping@latest -D`
[baseline-browser-mapping] The data in this module is over two months old.  To 
ensure accurate Baseline data, please update: `npm i 
baseline-browser-mapping@latest -D`
[32mÔ£ö[39m Building...
[1mInitial chunk files[22m                 [2m | [22m[1mNames[22m                   [2m | [22m [1mRaw size[22m
[32mchunk-UWTSUEPY.js[39m                   [2m | [22m[2m-[22m                       [2m | [22m[36m924.73 kB[39m[2m | [22m
[32mscripts.js[39m                          [2m | [22m[2mscripts[22m                 [2m | [22m[36m775.34 kB[39m[2m | [22m
[32mstyles.css[39m                          [2m | [22m[2mstyles[22m                  [2m | [22m[36m480.14 kB[39m[2m | [22m
[32mmain.js[39m                             [2m | [22m[2mmain[22m                    [2m | [22m[36m417.10 kB[39m[2m | [22m
[32mchunk-VC4R4L3D.js[39m                   [2m | [22m[2m-[22m                       [2m | [22m[36m228.74 kB[39m[2m | [22m
[32mchunk-HQOGIVGK.js[39m                   [2m | [22m[2m-[22m                       [2m | [22m[36m216.92 kB[39m[2m | [22m
[32mchunk-NDFIDU56.js[39m                   [2m | [22m[2m-[22m                       [2m | [22m[36m181.51 kB[39m[2m | [22m
[32mchunk-D6SEWJNN.js[39m                   [2m | [22m[2m-[22m                       [2m | [22m[36m169.35 kB[39m[2m | [22m
[32mchunk-7TCEUYSC.js[39m                   [2m | [22m[2m-[22m                       [2m | [22m[36m159.01 kB[39m[2m | [22m
[32mchunk-YI6TYGDO.js[39m                   [2m | [22m[2m-[22m                       [2m | [22m[36m144.86 kB[39m[2m | [22m
[32mpolyfills.js[39m                        [2m | [22m[2mpolyfills[22m               [2m | [22m [36m89.77 kB[39m[2m | [22m
[32mchunk-VMANPE35.js[39m                   [2m | [22m[2m-[22m                       [2m | [22m [36m40.68 kB[39m[2m | [22m
[32mchunk-CSY2IFYE.js[39m                   [2m | [22m[2m-[22m                       [2m | [22m [36m35.10 kB[39m[2m | [22m
[32mchunk-GUFCPQJW.js[39m                   [2m | [22m[2m-[22m                       [2m | [22m [36m32.58 kB[39m[2m | [22m
[32mchunk-L7WXAOHF.js[39m                   [2m | [22m[2m-[22m                       [2m | [22m [36m17.12 kB[39m[2m | [22m
[32mchunk-5ZZDYQLQ.js[39m                   [2m | [22m[2m-[22m                       [2m | [22m [36m13.26 kB[39m[2m | [22m
[32mchunk-2DY5K4GG.js[39m                   [2m | [22m[2m-[22m                       [2m | [22m  [36m9.97 kB[39m[2m | [22m
[32mchunk-KMBIBUED.js[39m                   [2m | [22m[2m-[22m                       [2m | [22m  [36m8.05 kB[39m[2m | [22m
[32mchunk-ZAYWJMWS.js[39m                   [2m | [22m[2m-[22m                       [2m | [22m  [36m8.00 kB[39m[2m | [22m
[32mchunk-ZZHLO45U.js[39m                   [2m | [22m[2m-[22m                       [2m | [22m  [36m6.72 kB[39m[2m | [22m
[32mchunk-4G4O3MSR.js[39m                   [2m | [22m[2m-[22m                       [2m | [22m  [36m6.51 kB[39m[2m | [22m
[32mchunk-L3S3LMZK.js[39m                   [2m | [22m[2m-[22m                       [2m | [22m  [36m5.81 kB[39m[2m | [22m
[32mchunk-EW2L4MF6.js[39m                   [2m | [22m[2m-[22m                       [2m | [22m  [36m5.68 kB[39m[2m | [22m
[32mchunk-EGD3JZHO.js[39m                   [2m | [22m[2m-[22m                       [2m | [22m  [36m5.25 kB[39m[2m | [22m
[32mchunk-RYUFYGVR.js[39m                   [2m | [22m[2m-[22m                       [2m | [22m  [36m4.73 kB[39m[2m | [22m
[32mchunk-DXBWWJY4.js[39m                   [2m | [22m[2m-[22m                       [2m | [22m  [36m4.61 kB[39m[2m | [22m
[32mchunk-EIXLRGT2.js[39m                   [2m | [22m[2m-[22m                       [2m | [22m  [36m3.73 kB[39m[2m | [22m
[32mchunk-JIIXUGUN.js[39m                   [2m | [22m[2m-[22m                       [2m | [22m  [36m3.61 kB[39m[2m | [22m
[32mchunk-UOJPQ36H.js[39m                   [2m | [22m[2m-[22m                       [2m | [22m  [36m3.61 kB[39m[2m | [22m
[32mchunk-ZJDFDYIK.js[39m                   [2m | [22m[2m-[22m                       [2m | [22m  [36m3.55 kB[39m[2m | [22m
[32mchunk-OWRM7ZLQ.js[39m                   [2m | [22m[2m-[22m                       [2m | [22m  [36m3.51 kB[39m[2m | [22m
[32mchunk-QZF5FTQL.js[39m                   [2m | [22m[2m-[22m                       [2m | [22m  [36m3.45 kB[39m[2m | [22m
[32mchunk-4MWRP73S.js[39m                   [2m | [22m[2m-[22m                       [2m | [22m  [36m3.33 kB[39m[2m | [22m
[32mchunk-EQWPCVIG.js[39m                   [2m | [22m[2m-[22m                       [2m | [22m  [36m3.05 kB[39m[2m | [22m

[1m [22m                                   [2m | [22m[1mInitial total[22m           [2m | [22m  [1m4.02 MB[22m

[1mLazy chunk files[22m                    [2m | [22m[1mNames[22m                   [2m | [22m [1mRaw size[22m
[32mapexcharts.esm-R4NZ5PRG.js[39m          [2m | [22m[2mapexcharts-esm[22m          [2m | [22m[36m755.92 kB[39m[2m | [22m
[32mtabs-5EQQIAPE.js[39m                    [2m | [22m[2mtabs[22m                    [2m | [22m[36m554.41 kB[39m[2m | [22m
[32mcalendar-2LKKYDTT.js[39m                [2m | [22m[2mcalendar[22m                [2m | [22m[36m547.14 kB[39m[2m | [22m
[32mngx-quill-quill-CUw8Q_m0-3N6ASI3C.js[39m[2m | [22m[2mngx-quill-quill-CUw8Q_m0[22m[2m | [22m[36m423.33 kB[39m[2m | [22m
[32mdate-picker-JEFGFTHG.js[39m             [2m | [22m[2mdate-picker[22m             [2m | [22m[36m253.69 kB[39m[2m | [22m
[32mmodals-B6XVDBHU.js[39m                  [2m | [22m[2mmodals[22m                  [2m | [22m[36m220.99 kB[39m[2m | [22m
[32mselect2-Q7AGLT2R.js[39m                 [2m | [22m[2mselect2[22m                 [2m | [22m[36m195.50 kB[39m[2m | [22m
[32mwidgets-6J3T3XMJ.js[39m                 [2m | [22m[2mwidgets[22m                 [2m | [22m[36m177.91 kB[39m[2m | [22m
[32mmailbox-IJM54U5X.js[39m                 [2m | [22m[2mmailbox[22m                 [2m | [22m[36m173.96 kB[39m[2m | [22m
[32mwizards-7EZHUTPN.js[39m                 [2m | [22m[2mwizards[22m                 [2m | [22m[36m173.37 kB[39m[2m | [22m
[32mchunk-A4XIG2CD.js[39m                   [2m | [22m[2m-[22m                       [2m | [22m[36m172.21 kB[39m[2m | [22m
[32mtables-SYULSWEG.js[39m                  [2m | [22m[2mtables[22m                  [2m | [22m[36m154.28 kB[39m[2m | [22m
[32mchunk-3W7S6MEY.js[39m                   [2m | [22m[2m-[22m                       [2m | [22m[36m151.51 kB[39m[2m | [22m
[32mchunk-N3NE656Z.js[39m                   [2m | [22m[2m-[22m                       [2m | [22m[36m147.22 kB[39m[2m | [22m
[32minput-group-JEXNNNJH.js[39m             [2m | [22m[2minput-group[22m             [2m | [22m[36m140.46 kB[39m[2m | [22m
[2m...and 174 more lazy chunks files. Use "--verbose" to show all the files.[22m

Application bundle generation complete. [77.882 seconds] - 2026-01-28T10:57:48.407Z

[1m[33m[33mÔû▓ [43;33m[[43;30mWARNING[43;33m][0m [1mNG8113: 
TranslatePipe is not used within the template of SidebarComponent[0m 
[1m[35m[plugin angular-compiler][0m

    src/app/layouts/sidebar.ts:39:8:
[37m      39 Ôöé         [32mTranslatePipe[37m,
         ÔòÁ         [32m~~~~~~~~~~~~~[0m


[33mÔû▓ [43;33m[[43;30mWARNING[43;33m][0m [1mNG8113: IconMinusComponent 
is not used within the template of SidebarComponent[0m [1m[35m[plugin 
angular-compiler][0m

    src/app/layouts/sidebar.ts:45:8:
[37m      45 Ôöé         [32mIconMinusComponent[37m,
         ÔòÁ         [32m~~~~~~~~~~~~~~~~~~[0m


[33mÔû▓ [43;33m[[43;30mWARNING[43;33m][0m [1mNG8113: 
IconMenuMailboxComponent is not used within the template of 
SidebarComponent[0m [1m[35m[plugin angular-compiler][0m

    src/app/layouts/sidebar.ts:47:8:
[37m      47 Ôöé         [32mIconMenuMailboxComponent[37m,
         ÔòÁ         [32m~~~~~~~~~~~~~~~~~~~~~~~~[0m


[33mÔû▓ [43;33m[[43;30mWARNING[43;33m][0m [1mNG8113: 
IconMenuTodoComponent is not used within the template of SidebarComponent[0m 
[1m[35m[plugin angular-compiler][0m

    src/app/layouts/sidebar.ts:48:8:
[37m      48 Ôöé         [32mIconMenuTodoComponent[37m,
         ÔòÁ         [32m~~~~~~~~~~~~~~~~~~~~~[0m


[33mÔû▓ [43;33m[[43;30mWARNING[43;33m][0m [1mNG8113: 
IconMenuScrumboardComponent is not used within the template of 
SidebarComponent[0m [1m[35m[plugin angular-compiler][0m

    src/app/layouts/sidebar.ts:50:8:
[37m      50 Ôöé         [32mIconMenuScrumboardComponent[37m,
         ÔòÁ         [32m~~~~~~~~~~~~~~~~~~~~~~~~~~~[0m


[33mÔû▓ [43;33m[[43;30mWARNING[43;33m][0m [1mNG8113: 
IconMenuInvoiceComponent is not used within the template of 
SidebarComponent[0m [1m[35m[plugin angular-compiler][0m

    src/app/layouts/sidebar.ts:52:8:
[37m      52 Ôöé         [32mIconMenuInvoiceComponent[37m,
         ÔòÁ         [32m~~~~~~~~~~~~~~~~~~~~~~~~[0m


[33mÔû▓ [43;33m[[43;30mWARNING[43;33m][0m [1mNG8113: 
IconMenuFontIconsComponent is not used within the template of 
SidebarComponent[0m [1m[35m[plugin angular-compiler][0m

    src/app/layouts/sidebar.ts:58:8:
[37m      58 Ôöé         [32mIconMenuFontIconsComponent[37m,
         ÔòÁ         [32m~~~~~~~~~~~~~~~~~~~~~~~~~~[0m


[33mÔû▓ [43;33m[[43;30mWARNING[43;33m][0m [1mNG8113: 
IconMenuDatatablesComponent is not used within the template of 
SidebarComponent[0m [1m[35m[plugin angular-compiler][0m

    src/app/layouts/sidebar.ts:61:8:
[37m      61 Ôöé         [32mIconMenuDatatablesComponent[37m,
         ÔòÁ         [32m~~~~~~~~~~~~~~~~~~~~~~~~~~~[0m


[33mÔû▓ [43;33m[[43;30mWARNING[43;33m][0m [1mNG8113: 
IconMenuFormsComponent is not used within the template of SidebarComponent[0m 
[1m[35m[plugin angular-compiler][0m

    src/app/layouts/sidebar.ts:62:8:
[37m      62 Ôöé         [32mIconMenuFormsComponent[37m,
         ÔòÁ         [32m~~~~~~~~~~~~~~~~~~~~~~[0m


[33mÔû▓ [43;33m[[43;30mWARNING[43;33m][0m [1mNG8113: 
IconMenuUsersComponent is not used within the template of SidebarComponent[0m 
[1m[35m[plugin angular-compiler][0m

    src/app/layouts/sidebar.ts:63:8:
[37m      63 Ôöé         [32mIconMenuUsersComponent[37m,
         ÔòÁ         [32m~~~~~~~~~~~~~~~~~~~~~~[0m


[33mÔû▓ [43;33m[[43;30mWARNING[43;33m][0m [1mNG8113: 
IconMenuPagesComponent is not used within the template of SidebarComponent[0m 
[1m[35m[plugin angular-compiler][0m

    src/app/layouts/sidebar.ts:64:8:
[37m      64 Ôöé         [32mIconMenuPagesComponent[37m,
         ÔòÁ         [32m~~~~~~~~~~~~~~~~~~~~~~[0m


[33mÔû▓ [43;33m[[43;30mWARNING[43;33m][0m [1mNG8113: 
IconMenuDocumentationComponent is not used within the template of 
SidebarComponent[0m [1m[35m[plugin angular-compiler][0m

    src/app/layouts/sidebar.ts:66:8:
[37m      66 Ôöé         [32mIconMenuDocumentationComponent[37m,
         ÔòÁ         [32m~~~~~~~~~~~~~~~~~~~~~~~~~~~~~~[0m

[39m[22m
Output location: D:\02____WORKS\04___Server\Projects\CMS\VISTO\CMS\dist

